{"type":"server-started","port":55621,"host":"0.0.0.0","url_host":"127.0.0.1","url":"http://127.0.0.1:55621/?key=267e3ccff62c6ab11f90f055627ecc34a2f8c6dcd3d79172be3816135eaba8d7","screen_dir":"E:\\Study\\2026summer\\project_1\\.superpowers\\brainstorm\\302-1788874068\\content","state_dir":"E:\\Study\\2026summer\\project_1\\.superpowers\\brainstorm\\302-1788874068\\state","idle_timeout_ms":14400000}
{"type":"screen-added","file":"E:\\Study\\2026summer\\project_1\\.superpowers\\brainstorm\\302-1788874068\\content\\conversation-patterns.html"}
{"source":"user-event","type":"click","text":"对话 · 阶段一我先检查这三份 JD 的岗位范围，再告诉你哪些可以合并。系统操作已加入《数据分析师 JD》 · 解析完成查看影响　撤销为什么这两项能力被合并？证据引用 E-12两份 JD 都明确要求“用户需求分析”...A　语义气泡 + 内嵌事件卡Agent和用户使用自然气泡；操作和证据作为对话流中的独立卡片，阅读路径最连贯。","choice":"a","id":null,"timestamp":1788878278628}
{"source":"user-event","type":"click","text":"对话 · 阶段一我先检查这三份 JD 的岗位范围，再告诉你哪些可以合并。系统操作已加入《数据分析师 JD》 · 解析完成查看影响　撤销为什么这两项能力被合并？证据引用 E-12两份 JD 都明确要求“用户需求分析”...A　语义气泡 + 内嵌事件卡Agent和用户使用自然气泡；操作和证据作为对话流中的独立卡片，阅读路径最连贯。","choice":"a","id":null,"timestamp":1788878279031}
{"source":"user-event","type":"click","text":"对话 · 阶段一我先检查这三份 JD 的岗位范围，再告诉你哪些可以合并。系统操作已加入《数据分析师 JD》 · 解析完成查看影响　撤销为什么这两项能力被合并？证据引用 E-12两份 JD 都明确要求“用户需求分析”...A　语义气泡 + 内嵌事件卡Agent和用户使用自然气泡；操作和证据作为对话流中的独立卡片，阅读路径最连贯。","choice":"a","id":null,"timestamp":1788878279188}
{"source":"user-event","type":"click","text":"对话 · 阶段一我先检查这三份 JD 的岗位范围，再告诉你哪些可以合并。系统操作已加入《数据分析师 JD》 · 解析完成查看影响　撤销为什么这两项能力被合并？证据引用 E-12两份 JD 都明确要求“用户需求分析”...A　语义气泡 + 内嵌事件卡Agent和用户使用自然气泡；操作和证据作为对话流中的独立卡片，阅读路径最连贯。","choice":"a","id":null,"timestamp":1788878279410}
{"source":"user-event","type":"click","text":"对话 · 阶段一我先检查这三份 JD 的岗位范围，再告诉你哪些可以合并。系统操作已加入《数据分析师 JD》 · 解析完成查看影响　撤销为什么这两项能力被合并？证据引用 E-12两份 JD 都明确要求“用户需求分析”...A　语义气泡 + 内嵌事件卡Agent和用户使用自然气泡；操作和证据作为对话流中的独立卡片，阅读路径最连贯。","choice":"a","id":null,"timestamp":1788878280177}
{"source":"user-event","type":"click","text":"对话 · 阶段一我先检查这三份 JD 的岗位范围，再告诉你哪些可以合并。系统操作已加入《数据分析师 JD》 · 解析完成查看影响　撤销为什么这两项能力被合并？证据引用 E-12两份 JD 都明确要求“用户需求分析”...A　语义气泡 + 内嵌事件卡Agent和用户使用自然气泡；操作和证据作为对话流中的独立卡片，阅读路径最连贯。","choice":"a","id":null,"timestamp":1788878280321}
{"source":"user-event","type":"click","text":"对话 · 阶段一我先检查这三份 JD 的岗位范围，再告诉你哪些可以合并。系统操作已加入《数据分析师 JD》 · 解析完成查看影响　撤销为什么这两项能力被合并？证据引用 E-12两份 JD 都明确要求“用户需求分析”...A　语义气泡 + 内嵌事件卡Agent和用户使用自然气泡；操作和证据作为对话流中的独立卡片，阅读路径最连贯。","choice":"a","id":null,"timestamp":1788878280465}
{"source":"user-event","type":"click","text":"对话 · 阶段一我先检查这三份 JD 的岗位范围，再告诉你哪些可以合并。系统操作已加入《数据分析师 JD》 · 解析完成查看影响　撤销为什么这两项能力被合并？证据引用 E-12两份 JD 都明确要求“用户需求分析”...A　语义气泡 + 内嵌事件卡Agent和用户使用自然气泡；操作和证据作为对话流中的独立卡片，阅读路径最连贯。","choice":"a","id":null,"timestamp":1788878280688}
{"source":"user-event","type":"click","text":"对话 · 阶段一我先检查这三份 JD 的岗位范围，再告诉你哪些可以合并。系统操作已加入《数据分析师 JD》 · 解析完成查看影响　撤销为什么这两项能力被合并？证据引用 E-12两份 JD 都明确要求“用户需求分析”...A　语义气泡 + 内嵌事件卡Agent和用户使用自然气泡；操作和证据作为对话流中的独立卡片，阅读路径最连贯。","choice":"a","id":null,"timestamp":1788878281232}
{"type":"screen-added","file":"E:\\Study\\2026summer\\project_1\\.superpowers\\brainstorm\\302-1788874068\\content\\stage-navigation.html"}
{"type":"screen-updated","file":"E:\\Study\\2026summer\\project_1\\.superpowers\\brainstorm\\302-1788874068\\content\\global-layout-options.html"}
{"source":"user-event","type":"click","text":"项目：我的目标岗位JD分析模型确认模拟面试人才画像当前：等待模型确认还有2项冲突需要处理，处理完成后可进入下一阶段。查看待确认项A　线性阶段轨道顶部用进度轨道表达全局位置；当前阶段突出，未满足条件的阶段可查看但不可进入。","choice":"a","id":null,"timestamp":1788878749483}
{"type":"screen-added","file":"E:\\Study\\2026summer\\project_1\\.superpowers\\brainstorm\\302-1788874068\\content\\responsive-layout.html"}
{"type":"screen-updated","file":"E:\\Study\\2026summer\\project_1\\.superpowers\\brainstorm\\302-1788874068\\content\\responsive-layout-options.html"}
{"type":"screen-updated","file":"E:\\Study\\2026summer\\project_1\\.superpowers\\brainstorm\\302-1788874068\\content\\responsive-options.html"}
{"type":"screen-updated","file":"E:\\Study\\2026summer\\project_1\\.superpowers\\brainstorm\\302-1788874068\\content\\visual-direction.html"}
{"type":"screen-added","file":"E:\\Study\\2026summer\\project_1\\.superpowers\\brainstorm\\302-1788874068\\content\\responsive-hybrid-v2.html"}
{"source":"user-event","type":"click","text":"✓确认：桌面常驻右栏，窄屏右侧滑出这将作为前三阶段统一工作台的响应式基线。","choice":"confirm","id":null,"timestamp":1788880722134}
{"source":"user-event","type":"click","text":"✓确认：桌面常驻右栏，窄屏右侧滑出这将作为前三阶段统一工作台的响应式基线。","choice":"confirm","id":null,"timestamp":1788880739205}
{"source":"user-event","type":"click","text":"✓确认：桌面常驻右栏，窄屏右侧滑出这将作为前三阶段统一工作台的响应式基线。","choice":"confirm","id":null,"timestamp":1788880739376}
{"source":"user-event","type":"click","text":"✓确认：桌面常驻右栏，窄屏右侧滑出这将作为前三阶段统一工作台的响应式基线。","choice":"confirm","id":null,"timestamp":1788880740175}
{"source":"user-event","type":"click","text":"✓确认：桌面常驻右栏，窄屏右侧滑出这将作为前三阶段统一工作台的响应式基线。","choice":"confirm","id":null,"timestamp":1788880743764}
{"type":"screen-added","file":"E:\\Study\\2026summer\\project_1\\.superpowers\\brainstorm\\302-1788874068\\content\\stage1-workbench.html"}
{"type":"screen-updated","file":"E:\\Study\\2026summer\\project_1\\.superpowers\\brainstorm\\302-1788874068\\content\\conversation-patterns.html"}
{"type":"screen-added","file":"E:\\Study\\2026summer\\project_1\\.superpowers\\brainstorm\\302-1788874068\\content\\stage1-workbench-reframed.html"}
{"type":"screen-updated","file":"E:\\Study\\2026summer\\project_1\\.superpowers\\brainstorm\\302-1788874068\\content\\stage-navigation.html"}
{"type":"screen-updated","file":"E:\\Study\\2026summer\\project_1\\.superpowers\\brainstorm\\302-1788874068\\content\\global-layout-options.html"}
{"type":"screen-added","file":"E:\\Study\\2026summer\\project_1\\.superpowers\\brainstorm\\302-1788874068\\content\\stage1-hierarchical-workbench.html"}
{"type":"screen-added","file":"E:\\Study\\2026summer\\project_1\\.superpowers\\brainstorm\\302-1788874068\\content\\stage1-two-pages.html"}
{"type":"screen-added","file":"E:\\Study\\2026summer\\project_1\\.superpowers\\brainstorm\\302-1788874068\\content\\stage1-item-detail.html"}
{"source":"user-event","type":"click","text":"单份 JD 模型 · JD-08用户研究高可信必备 · 等级3 · 4条证据需求分析必备 · 等级3 · 2条证据用户研究 · 详情原文证据“负责用户访谈、需求洞察与竞品分析”JD-08 · 职责段 · E-08-03规范名称：用户研究类别：工作活动等级：3　必要性：必备编辑查看影响A　工作台内分栏详情条目列表保留在左侧，详情固定在右侧；适合连续核对多个能力，最少打断浏览。","choice":"a","id":null,"timestamp":1788883168531}
{"source":"user-event","type":"click","text":"单份 JD 模型 · JD-08用户研究高可信必备 · 等级3 · 4条证据需求分析必备 · 等级3 · 2条证据用户研究 · 详情原文证据“负责用户访谈、需求洞察与竞品分析”JD-08 · 职责段 · E-08-03规范名称：用户研究类别：工作活动等级：3　必要性：必备编辑查看影响A　工作台内分栏详情条目列表保留在左侧，详情固定在右侧；适合连续核对多个能力，最少打断浏览。","choice":"a","id":null,"timestamp":1788883168972}
{"source":"user-event","type":"click","text":"单份 JD 模型 · JD-08用户研究高可信必备 · 等级3 · 4条证据需求分析必备 · 等级3 · 2条证据用户研究 · 详情抽屉原文：“负责用户访谈、需求洞察与竞品分析”JD-08 · E-08-03规范名称：用户研究　等级3类别：工作活动　必备编辑B　右侧抽屉详情详情从工作台右侧滑出，列表仍可隐约看到；空间灵活，但需要处理遮挡、焦点和关闭操作。","choice":"b","id":null,"timestamp":1788883169730}
{"source":"user-event","type":"click","text":"单份 JD 模型 · JD-08用户研究高可信必备 · 等级3 · 4条证据需求分析必备 · 等级3 · 2条证据用户研究 · 详情原文证据“负责用户访谈、需求洞察与竞品分析”JD-08 · 职责段 · E-08-03规范名称：用户研究类别：工作活动等级：3　必要性：必备编辑查看影响A　工作台内分栏详情条目列表保留在左侧，详情固定在右侧；适合连续核对多个能力，最少打断浏览。","choice":"a","id":null,"timestamp":1788883183522}
{"source":"user-event","type":"click","text":"单份 JD 模型 · JD-08用户研究高可信必备 · 等级3 · 4条证据需求分析必备 · 等级3 · 2条证据用户研究 · 详情原文证据“负责用户访谈、需求洞察与竞品分析”JD-08 · 职责段 · E-08-03规范名称：用户研究类别：工作活动等级：3　必要性：必备编辑查看影响A　工作台内分栏详情条目列表保留在左侧，详情固定在右侧；适合连续核对多个能力，最少打断浏览。","choice":"a","id":null,"timestamp":1788883184041}
{"source":"user-event","type":"click","text":"单份 JD 模型 · JD-08用户研究高可信必备 · 等级3 · 4条证据需求分析必备 · 等级3 · 2条证据用户研究 · 详情抽屉原文：“负责用户访谈、需求洞察与竞品分析”JD-08 · E-08-03规范名称：用户研究　等级3类别：工作活动　必备编辑B　右侧抽屉详情详情从工作台右侧滑出，列表仍可隐约看到；空间灵活，但需要处理遮挡、焦点和关闭操作。","choice":"b","id":null,"timestamp":1788883184435}
{"source":"user-event","type":"click","text":"单份 JD 模型 · JD-08用户研究高可信必备 · 等级3 · 4条证据需求分析必备 · 等级3 · 2条证据用户研究 · 详情原文证据“负责用户访谈、需求洞察与竞品分析”JD-08 · 职责段 · E-08-03规范名称：用户研究类别：工作活动等级：3　必要性：必备编辑查看影响A　工作台内分栏详情条目列表保留在左侧，详情固定在右侧；适合连续核对多个能力，最少打断浏览。","choice":"a","id":null,"timestamp":1788883185208}
{"source":"user-event","type":"click","text":"单份 JD 模型 · JD-08用户研究高可信必备 · 等级3 · 4条证据需求分析必备 · 等级3 · 2条证据用户研究 · 详情原文证据“负责用户访谈、需求洞察与竞品分析”JD-08 · 职责段 · E-08-03规范名称：用户研究类别：工作活动等级：3　必要性：必备编辑查看影响A　工作台内分栏详情条目列表保留在左侧，详情固定在右侧；适合连续核对多个能力，最少打断浏览。","choice":"a","id":null,"timestamp":1788883221521}
{"source":"user-event","type":"click","text":"✓确认：工作台内分栏详情单份JD条目列表与详情并列，点击条目切换详情；编辑影响在详情区域内展示。","choice":"confirm","id":null,"timestamp":1788883223390}
{"type":"screen-added","file":"E:\\Study\\2026summer\\project_1\\.superpowers\\brainstorm\\302-1788874068\\content\\stage1-jd-entry.html"}
{"type":"screen-added","file":"E:\\Study\\2026summer\\project_1\\.superpowers\\brainstorm\\302-1788874068\\content\\stage1-jd-entry-modal.html"}
{"source":"user-event","type":"click","text":"✓确认：开场白 + 添加材料弹窗Agent动态开场，输入框提供一个添加材料入口，点击后通过弹窗选择四种JD来源。","choice":"confirm","id":null,"timestamp":1788884804173}
{"type":"screen-updated","file":"E:\\Study\\2026summer\\project_1\\.superpowers\\brainstorm\\302-1788874068\\content\\responsive-hybrid-v2.html"}
{"type":"screen-updated","file":"E:\\Study\\2026summer\\project_1\\.superpowers\\brainstorm\\302-1788874068\\content\\responsive-layout-options.html"}
{"type":"screen-updated","file":"E:\\Study\\2026summer\\project_1\\.superpowers\\brainstorm\\302-1788874068\\content\\responsive-layout.html"}
{"type":"screen-updated","file":"E:\\Study\\2026summer\\project_1\\.superpowers\\brainstorm\\302-1788874068\\content\\responsive-options.html"}
{"type":"screen-updated","file":"E:\\Study\\2026summer\\project_1\\.superpowers\\brainstorm\\302-1788874068\\content\\visual-direction.html"}
{"type":"screen-added","file":"E:\\Study\\2026summer\\project_1\\.superpowers\\brainstorm\\302-1788874068\\content\\stage1-document-picker.html"}
{"source":"user-event","type":"click","text":"单份 JD 模型JD-08 · 产品经理　　　　　　　　　⌄JD-08 · 产品经理　待确认6JD-09 · 产品专员　已解析JD-10 · 用户研究员　处理中查看全部24份 →用户研究当前条目详情保持不变B　当前项下拉选择器页面最简洁，适合快速跳转；但筛选和批量查看能力弱，JD很多时需要反复打开下拉框。","choice":"b","id":null,"timestamp":1788885287648}
{"type":"screen-updated","file":"E:\\Study\\2026summer\\project_1\\.superpowers\\brainstorm\\302-1788874068\\content\\stage1-workbench.html"}
{"type":"screen-added","file":"E:\\Study\\2026summer\\project_1\\.superpowers\\brainstorm\\302-1788874068\\content\\stage1-document-picker-hybrid.html"}
{"type":"screen-updated","file":"E:\\Study\\2026summer\\project_1\\.superpowers\\brainstorm\\302-1788874068\\content\\conversation-patterns.html"}
{"type":"screen-added","file":"E:\\Study\\2026summer\\project_1\\.superpowers\\brainstorm\\302-1788874068\\content\\jd-picker-block-v2.html"}
{"type":"screen-added","file":"E:\\Study\\2026summer\\project_1\\.superpowers\\brainstorm\\302-1788874068\\content\\jd-picker-dropdown-v3.html"}
{"type":"screen-updated","file":"E:\\Study\\2026summer\\project_1\\.superpowers\\brainstorm\\302-1788874068\\content\\stage-navigation.html"}
{"type":"screen-updated","file":"E:\\Study\\2026summer\\project_1\\.superpowers\\brainstorm\\302-1788874068\\content\\stage1-workbench-reframed.html"}
{"type":"screen-added","file":"E:\\Study\\2026summer\\project_1\\.superpowers\\brainstorm\\302-1788874068\\content\\stage1-total-model.html"}
{"type":"screen-updated","file":"E:\\Study\\2026summer\\project_1\\.superpowers\\brainstorm\\302-1788874068\\content\\global-layout-options.html"}
{"type":"screen-updated","file":"E:\\Study\\2026summer\\project_1\\.superpowers\\brainstorm\\302-1788874068\\content\\stage1-hierarchical-workbench.html"}
{"type":"screen-added","file":"E:\\Study\\2026summer\\project_1\\.superpowers\\brainstorm\\302-1788874068\\content\\stage1-confirmation-panel-v2.html"}
{"type":"screen-updated","file":"E:\\Study\\2026summer\\project_1\\.superpowers\\brainstorm\\302-1788874068\\content\\stage1-two-pages.html"}
{"type":"screen-added","file":"E:\\Study\\2026summer\\project_1\\.superpowers\\brainstorm\\302-1788874068\\content\\stage1-confirmation-panel-v3.html"}
{"type":"screen-updated","file":"E:\\Study\\2026summer\\project_1\\.superpowers\\brainstorm\\302-1788874068\\content\\stage1-item-detail.html"}
{"type":"screen-added","file":"E:\\Study\\2026summer\\project_1\\.superpowers\\brainstorm\\302-1788874068\\content\\stage1-item-detail-v2.html"}
{"type":"screen-added","file":"E:\\Study\\2026summer\\project_1\\.superpowers\\brainstorm\\302-1788874068\\content\\stage1-model-edit-v2.html"}
{"type":"screen-updated","file":"E:\\Study\\2026summer\\project_1\\.superpowers\\brainstorm\\302-1788874068\\content\\stage1-jd-entry.html"}
{"type":"screen-updated","file":"E:\\Study\\2026summer\\project_1\\.superpowers\\brainstorm\\302-1788874068\\content\\stage1-jd-entry-modal.html"}
{"type":"screen-added","file":"E:\\Study\\2026summer\\project_1\\.superpowers\\brainstorm\\302-1788874068\\content\\stage1-complete-v2.html"}
{"type":"screen-added","file":"E:\\Study\\2026summer\\project_1\\.superpowers\\brainstorm\\302-1788874068\\content\\stage1-conflict-decision-v2.html"}
{"type":"screen-updated","file":"E:\\Study\\2026summer\\project_1\\.superpowers\\brainstorm\\302-1788874068\\content\\conversation-patterns.html"}
{"type":"screen-updated","file":"E:\\Study\\2026summer\\project_1\\.superpowers\\brainstorm\\302-1788874068\\content\\jd-picker-block-v2.html"}
{"type":"screen-updated","file":"E:\\Study\\2026summer\\project_1\\.superpowers\\brainstorm\\302-1788874068\\content\\responsive-hybrid-v2.html"}
{"type":"screen-updated","file":"E:\\Study\\2026summer\\project_1\\.superpowers\\brainstorm\\302-1788874068\\content\\responsive-layout-options.html"}
{"type":"screen-updated","file":"E:\\Study\\2026summer\\project_1\\.superpowers\\brainstorm\\302-1788874068\\content\\responsive-layout.html"}
{"type":"screen-updated","file":"E:\\Study\\2026summer\\project_1\\.superpowers\\brainstorm\\302-1788874068\\content\\responsive-options.html"}
{"type":"screen-updated","file":"E:\\Study\\2026summer\\project_1\\.superpowers\\brainstorm\\302-1788874068\\content\\stage1-document-picker-hybrid.html"}
{"type":"screen-updated","file":"E:\\Study\\2026summer\\project_1\\.superpowers\\brainstorm\\302-1788874068\\content\\stage1-document-picker.html"}
{"type":"screen-updated","file":"E:\\Study\\2026summer\\project_1\\.superpowers\\brainstorm\\302-1788874068\\content\\stage1-workbench.html"}
{"type":"screen-updated","file":"E:\\Study\\2026summer\\project_1\\.superpowers\\brainstorm\\302-1788874068\\content\\visual-direction.html"}
{"type":"screen-added","file":"E:\\Study\\2026summer\\project_1\\.superpowers\\brainstorm\\302-1788874068\\content\\stage1-conflict-option-v3.html"}
{"type":"screen-updated","file":"E:\\Study\\2026summer\\project_1\\.superpowers\\brainstorm\\302-1788874068\\content\\jd-picker-dropdown-v3.html"}
{"type":"screen-updated","file":"E:\\Study\\2026summer\\project_1\\.superpowers\\brainstorm\\302-1788874068\\content\\stage-navigation.html"}
{"type":"screen-updated","file":"E:\\Study\\2026summer\\project_1\\.superpowers\\brainstorm\\302-1788874068\\content\\stage1-workbench-reframed.html"}
{"type":"screen-updated","file":"E:\\Study\\2026summer\\project_1\\.superpowers\\brainstorm\\302-1788874068\\content\\stage1-conflict-option-v3.html"}
{"type":"screen-updated","file":"E:\\Study\\2026summer\\project_1\\.superpowers\\brainstorm\\302-1788874068\\content\\stage1-total-model.html"}
{"type":"screen-updated","file":"E:\\Study\\2026summer\\project_1\\.superpowers\\brainstorm\\302-1788874068\\content\\global-layout-options.html"}
{"type":"screen-updated","file":"E:\\Study\\2026summer\\project_1\\.superpowers\\brainstorm\\302-1788874068\\content\\stage1-hierarchical-workbench.html"}
{"type":"screen-updated","file":"E:\\Study\\2026summer\\project_1\\.superpowers\\brainstorm\\302-1788874068\\content\\stage1-conflict-option-v3.html"}
{"type":"screen-added","file":"E:\\Study\\2026summer\\project_1\\.superpowers\\brainstorm\\302-1788874068\\content\\stage1-conflict-saved-v2.html"}
{"type":"screen-updated","file":"E:\\Study\\2026summer\\project_1\\.superpowers\\brainstorm\\302-1788874068\\content\\stage1-confirmation-panel-v2.html"}
{"type":"screen-added","file":"E:\\Study\\2026summer\\project_1\\.superpowers\\brainstorm\\302-1788874068\\content\\stage1-final-review-v2.html"}
{"type":"screen-updated","file":"E:\\Study\\2026summer\\project_1\\.superpowers\\brainstorm\\302-1788874068\\content\\stage1-two-pages.html"}
{"type":"screen-added","file":"E:\\Study\\2026summer\\project_1\\.superpowers\\brainstorm\\302-1788874068\\content\\stage1-parsing-progress-v2.html"}
{"type":"screen-updated","file":"E:\\Study\\2026summer\\project_1\\.superpowers\\brainstorm\\302-1788874068\\content\\stage1-confirmation-panel-v3.html"}
{"type":"screen-updated","file":"E:\\Study\\2026summer\\project_1\\.superpowers\\brainstorm\\302-1788874068\\content\\stage1-item-detail.html"}
{"type":"screen-added","file":"E:\\Study\\2026summer\\project_1\\.superpowers\\brainstorm\\302-1788874068\\content\\stage1-parse-failure-v2.html"}
{"type":"screen-updated","file":"E:\\Study\\2026summer\\project_1\\.superpowers\\brainstorm\\302-1788874068\\content\\stage1-item-detail-v2.html"}
{"type":"screen-added","file":"E:\\Study\\2026summer\\project_1\\.superpowers\\brainstorm\\302-1788874068\\content\\stage1-single-jd-model-v2.html"}
{"type":"screen-added","file":"E:\\Study\\2026summer\\project_1\\.superpowers\\brainstorm\\302-1788874068\\content\\stage1-jd-source-trace-v2.html"}
{"type":"screen-updated","file":"E:\\Study\\2026summer\\project_1\\.superpowers\\brainstorm\\302-1788874068\\content\\stage1-model-edit-v2.html"}
{"type":"screen-updated","file":"E:\\Study\\2026summer\\project_1\\.superpowers\\brainstorm\\302-1788874068\\content\\stage1-jd-entry.html"}
{"type":"screen-added","file":"E:\\Study\\2026summer\\project_1\\.superpowers\\brainstorm\\302-1788874068\\content\\stage1-operation-card-v2.html"}
{"type":"screen-added","file":"E:\\Study\\2026summer\\project_1\\.superpowers\\brainstorm\\302-1788874068\\content\\stage1-operation-card-v3.html"}
{"type":"screen-added","file":"E:\\Study\\2026summer\\project_1\\.superpowers\\brainstorm\\302-1788874068\\content\\stage1-operation-card-v4.html"}
{"type":"screen-added","file":"E:\\Study\\2026summer\\project_1\\.superpowers\\brainstorm\\302-1788874068\\content\\stage1-operation-card-v5.html"}
{"type":"screen-added","file":"E:\\Study\\2026summer\\project_1\\.superpowers\\brainstorm\\302-1788874068\\content\\stage1-operation-card-v6.html"}
{"type":"screen-added","file":"E:\\Study\\2026summer\\project_1\\.superpowers\\brainstorm\\302-1788874068\\content\\stage1-operation-card-v7.html"}
{"type":"screen-updated","file":"E:\\Study\\2026summer\\project_1\\.superpowers\\brainstorm\\302-1788874068\\content\\stage1-jd-entry-modal.html"}
{"type":"screen-added","file":"E:\\Study\\2026summer\\project_1\\.superpowers\\brainstorm\\302-1788874068\\content\\stage1-ready-to-aggregate-v2.html"}
{"type":"screen-updated","file":"E:\\Study\\2026summer\\project_1\\.superpowers\\brainstorm\\302-1788874068\\content\\stage1-complete-v2.html"}
{"type":"screen-updated","file":"E:\\Study\\2026summer\\project_1\\.superpowers\\brainstorm\\302-1788874068\\content\\stage1-conflict-decision-v2.html"}
{"type":"screen-added","file":"E:\\Study\\2026summer\\project_1\\.superpowers\\brainstorm\\302-1788874068\\content\\stage1-aggregating-model-v2.html"}
{"type":"screen-added","file":"E:\\Study\\2026summer\\project_1\\.superpowers\\brainstorm\\302-1788874068\\content\\stage1-remove-jd-confirm-v2.html"}
{"type":"screen-added","file":"E:\\Study\\2026summer\\project_1\\.superpowers\\brainstorm\\302-1788874068\\content\\stage1-remove-jd-confirm-v3.html"}
{"type":"screen-added","file":"E:\\Study\\2026summer\\project_1\\.superpowers\\brainstorm\\302-1788874068\\content\\stage1-readd-jd-v2.html"}
{"type":"screen-added","file":"E:\\Study\\2026summer\\project_1\\.superpowers\\brainstorm\\302-1788874068\\content\\stage1-readd-result-v2.html"}
{"type":"screen-added","file":"E:\\Study\\2026summer\\project_1\\.superpowers\\brainstorm\\302-1788874068\\content\\stage1-jd-picker-removed-v2.html"}
{"type":"screen-added","file":"E:\\Study\\2026summer\\project_1\\.superpowers\\brainstorm\\302-1788874068\\content\\global-collapsed-nav-v2.html"}
{"type":"screen-updated","file":"E:\\Study\\2026summer\\project_1\\.superpowers\\brainstorm\\302-1788874068\\content\\conversation-patterns.html"}
{"type":"screen-updated","file":"E:\\Study\\2026summer\\project_1\\.superpowers\\brainstorm\\302-1788874068\\content\\jd-picker-block-v2.html"}
{"type":"screen-updated","file":"E:\\Study\\2026summer\\project_1\\.superpowers\\brainstorm\\302-1788874068\\content\\responsive-hybrid-v2.html"}
{"type":"screen-updated","file":"E:\\Study\\2026summer\\project_1\\.superpowers\\brainstorm\\302-1788874068\\content\\responsive-layout-options.html"}
{"type":"screen-updated","file":"E:\\Study\\2026summer\\project_1\\.superpowers\\brainstorm\\302-1788874068\\content\\responsive-layout.html"}
{"type":"screen-updated","file":"E:\\Study\\2026summer\\project_1\\.superpowers\\brainstorm\\302-1788874068\\content\\responsive-options.html"}
{"type":"screen-updated","file":"E:\\Study\\2026summer\\project_1\\.superpowers\\brainstorm\\302-1788874068\\content\\stage1-document-picker-hybrid.html"}
{"type":"screen-updated","file":"E:\\Study\\2026summer\\project_1\\.superpowers\\brainstorm\\302-1788874068\\content\\stage1-document-picker.html"}
{"type":"screen-updated","file":"E:\\Study\\2026summer\\project_1\\.superpowers\\brainstorm\\302-1788874068\\content\\stage1-workbench.html"}
{"type":"screen-updated","file":"E:\\Study\\2026summer\\project_1\\.superpowers\\brainstorm\\302-1788874068\\content\\visual-direction.html"}
{"type":"screen-updated","file":"E:\\Study\\2026summer\\project_1\\.superpowers\\brainstorm\\302-1788874068\\content\\jd-picker-dropdown-v3.html"}
{"type":"screen-updated","file":"E:\\Study\\2026summer\\project_1\\.superpowers\\brainstorm\\302-1788874068\\content\\stage-navigation.html"}
{"type":"screen-updated","file":"E:\\Study\\2026summer\\project_1\\.superpowers\\brainstorm\\302-1788874068\\content\\stage1-workbench-reframed.html"}
{"type":"screen-added","file":"E:\\Study\\2026summer\\project_1\\.superpowers\\brainstorm\\302-1788874068\\content\\global-history-nav-v3.html"}
{"type":"screen-updated","file":"E:\\Study\\2026summer\\project_1\\.superpowers\\brainstorm\\302-1788874068\\content\\stage1-total-model.html"}
{"type":"screen-added","file":"E:\\Study\\2026summer\\project_1\\.superpowers\\brainstorm\\302-1788874068\\content\\global-history-nav-v4.html"}
{"type":"screen-updated","file":"E:\\Study\\2026summer\\project_1\\.superpowers\\brainstorm\\302-1788874068\\content\\global-layout-options.html"}
{"type":"screen-updated","file":"E:\\Study\\2026summer\\project_1\\.superpowers\\brainstorm\\302-1788874068\\content\\stage1-conflict-option-v3.html"}
{"type":"screen-updated","file":"E:\\Study\\2026summer\\project_1\\.superpowers\\brainstorm\\302-1788874068\\content\\stage1-conflict-saved-v2.html"}
{"type":"screen-updated","file":"E:\\Study\\2026summer\\project_1\\.superpowers\\brainstorm\\302-1788874068\\content\\stage1-hierarchical-workbench.html"}
{"type":"screen-updated","file":"E:\\Study\\2026summer\\project_1\\.superpowers\\brainstorm\\302-1788874068\\content\\stage1-confirmation-panel-v2.html"}
{"type":"screen-updated","file":"E:\\Study\\2026summer\\project_1\\.superpowers\\brainstorm\\302-1788874068\\content\\stage1-confirmation-panel-v3.html"}
{"type":"screen-updated","file":"E:\\Study\\2026summer\\project_1\\.superpowers\\brainstorm\\302-1788874068\\content\\stage1-final-review-v2.html"}
{"type":"screen-updated","file":"E:\\Study\\2026summer\\project_1\\.superpowers\\brainstorm\\302-1788874068\\content\\stage1-item-detail.html"}
{"type":"screen-updated","file":"E:\\Study\\2026summer\\project_1\\.superpowers\\brainstorm\\302-1788874068\\content\\stage1-parse-failure-v2.html"}
{"type":"screen-updated","file":"E:\\Study\\2026summer\\project_1\\.superpowers\\brainstorm\\302-1788874068\\content\\stage1-parsing-progress-v2.html"}
{"type":"screen-updated","file":"E:\\Study\\2026summer\\project_1\\.superpowers\\brainstorm\\302-1788874068\\content\\stage1-two-pages.html"}
{"type":"server-stopped","reason":"idle timeout"}
